STATE IMPORT_START transformers.js@3.7.5
console warning Unable to determine content-length from response headers. Will expand buffer when needed.
console warning Unable to determine content-length from response headers. Will expand buffer when needed.
STATE DONE tokenizer.json
STATE PROGRESS onnx/model.onnx 0.0% 16375/605804513
STATE PROGRESS onnx/model.onnx 10.0% 60600319/605804513
STATE PROGRESS onnx/model.onnx 20.0% 121184785/605804513
STATE PROGRESS onnx/model.onnx 30.0% 181766936/605804513
STATE PROGRESS onnx/model.onnx 40.0% 242333890/605804513
STATE PROGRESS onnx/model.onnx 50.0% 302910158/605804513
STATE PROGRESS onnx/model.onnx 60.0% 363501514/605804513
STATE PROGRESS onnx/model.onnx 70.0% 424076628/605804513
STATE PROGRESS onnx/model.onnx 80.0% 484676691/605804513
STATE PROGRESS onnx/model.onnx 90.0% 545259520/605804513
STATE DONE onnx/model.onnx
STATE PREFLIGHT_RESULT {"model":"patrickjohncyh/fashion-clip","revision":"7e3ba62ce16b379a1ab479346b66f192e76f51b7","onnxBytes":605804513,"results":[{"image":"shoe.jpg","elapsedMs":332,"ranking":[{"label":"a white sneaker","score":0.999817},{"label":"a leather handbag","score":0.000182},{"label":"a sports t-shirt","score":0},{"label":"a red evening dress","score":0}]},{"image":"shirt.jpg","elapsedMs":276,"ranking":[{"label":"a sports t-shirt","score":0.999728},{"label":"a white sneaker","score":0.000272},{"label":"a leather handbag","score":0},{"label":"a red evening dress","score":0}]}],"changed":true,"semantic":true}
FINAL {
  "result": "PASS",
  "last": "PREFLIGHT_RESULT {\"model\":\"patrickjohncyh/fashion-clip\",\"revision\":\"7e3ba62ce16b379a1ab479346b66f192e76f51b7\",\"onnxBytes\":605804513,\"results\":[{\"image\":\"shoe.jpg\",\"elapsedMs\":332,\"ranking\":[{\"label\":\"a white sneaker\",\"score\":0.999817},{\"label\":\"a leather handbag\",\"score\":0.000182},{\"label\":\"a sports t-shirt\",\"score\":0},{\"label\":\"a red evening dress\",\"score\":0}]},{\"image\":\"shirt.jpg\",\"elapsedMs\":276,\"ranking\":[{\"label\":\"a sports t-shirt\",\"score\":0.999728},{\"label\":\"a white sneaker\",\"score\":0.000272},{\"label\":\"a leather handbag\",\"score\":0},{\"label\":\"a red evening dress\",\"score\":0}]}],\"changed\":true,\"semantic\":true}",
  "log": "2026-07-31T08:26:30.254Z IMPORT_START transformers.js@3.7.5\n2026-07-31T08:26:30.976Z IMPORT_OK\n2026-07-31T08:26:30.976Z INITIATE tokenizer.json\n2026-07-31T08:26:30.977Z INITIATE tokenizer_config.json\n2026-07-31T08:26:30.977Z INITIATE config.json\n2026-07-31T08:26:30.977Z INITIATE preprocessor_config.json\n2026-07-31T08:26:31.649Z PROGRESS config.json 100.0% 4463/4463\n2026-07-31T08:26:31.651Z DONE config.json\n2026-07-31T08:26:31.652Z INITIATE onnx/model.onnx\n2026-07-31T08:26:31.664Z DONE preprocessor_config.json\n2026-07-31T08:26:31.751Z DONE tokenizer_config.json\n2026-07-31T08:26:31.830Z DONE tokenizer.json\n2026-07-31T08:26:32.583Z PROGRESS onnx/model.onnx 0.0% 16375/605804513\n2026-07-31T08:26:44.188Z PROGRESS onnx/model.onnx 10.0% 60600319/605804513\n2026-07-31T08:26:53.030Z PROGRESS onnx/model.onnx 20.0% 121184785/605804513\n2026-07-31T08:27:06.159Z PROGRESS onnx/model.onnx 30.0% 181766936/605804513\n2026-07-31T08:27:30.091Z PROGRESS onnx/model.onnx 40.0% 242333890/605804513\n2026-07-31T08:27:55.754Z PROGRESS onnx/model.onnx 50.0% 302910158/605804513\n2026-07-31T08:28:16.743Z PROGRESS onnx/model.onnx 60.0% 363501514/605804513\n2026-07-31T08:28:49.432Z PROGRESS onnx/model.onnx 70.0% 424076628/605804513\n2026-07-31T08:29:30.352Z PROGRESS onnx/model.onnx 80.0% 484676691/605804513\n2026-07-31T08:30:42.107Z PROGRESS onnx/model.onnx 90.0% 545259520/605804513\n2026-07-31T08:31:52.814Z PROGRESS onnx/model.onnx 100.0% 605804513/605804513\n2026-07-31T08:31:53.298Z DONE onnx/model.onnx\n2026-07-31T08:31:55.292Z READY \n2026-07-31T08:31:55.297Z PIPELINE_READY\n2026-07-31T08:31:55.297Z INFERENCE_START shoe.jpg\n2026-07-31T08:31:55.628Z INFERENCE_RESULT shoe.jpg [{\"label\":\"a white sneaker\",\"score\":0.999817},{\"label\":\"a leather handbag\",\"score\":0.000182},{\"label\":\"a sports t-shirt\",\"score\":0},{\"label\":\"a red evening dress\",\"score\":0}]\n2026-07-31T08:31:55.629Z INFERENCE_START shirt.jpg\n2026-07-31T08:31:55.904Z INFERENCE_RESULT shirt.jpg [{\"label\":\"a sports t-shirt\",\"score\":0.999728},{\"label\":\"a white sneaker\",\"score\":0.000272},{\"label\":\"a leather handbag\",\"score\":0},{\"label\":\"a red evening dress\",\"score\":0}]\n2026-07-31T08:31:55.904Z PREFLIGHT_RESULT {\"model\":\"patrickjohncyh/fashion-clip\",\"revision\":\"7e3ba62ce16b379a1ab479346b66f192e76f51b7\",\"onnxBytes\":605804513,\"results\":[{\"image\":\"shoe.jpg\",\"elapsedMs\":332,\"ranking\":[{\"label\":\"a white sneaker\",\"score\":0.999817},{\"label\":\"a leather handbag\",\"score\":0.000182},{\"label\":\"a sports t-shirt\",\"score\":0},{\"label\":\"a red evening dress\",\"score\":0}]},{\"image\":\"shirt.jpg\",\"elapsedMs\":276,\"ranking\":[{\"label\":\"a sports t-shirt\",\"score\":0.999728},{\"label\":\"a white sneaker\",\"score\":0.000272},{\"label\":\"a leather handbag\",\"score\":0},{\"label\":\"a red evening dress\",\"score\":0}]}],\"changed\":true,\"semantic\":true}",
  "preflight": {
    "model": "patrickjohncyh/fashion-clip",
    "revision": "7e3ba62ce16b379a1ab479346b66f192e76f51b7",
    "onnxBytes": 605804513,
    "results": [
      {
        "image": "shoe.jpg",
        "elapsedMs": 332,
        "ranking": [
          {
            "label": "a white sneaker",
            "score": 0.999817
          },
          {
            "label": "a leather handbag",
            "score": 0.000182
          },
          {
            "label": "a sports t-shirt",
            "score": 0
          },
          {
            "label": "a red evening dress",
            "score": 0
          }
        ]
      },
      {
        "image": "shirt.jpg",
        "elapsedMs": 276,
        "ranking": [
          {
            "label": "a sports t-shirt",
            "score": 0.999728
          },
          {
            "label": "a white sneaker",
            "score": 0.000272
          },
          {
            "label": "a leather handbag",
            "score": 0
          },
          {
            "label": "a red evening dress",
            "score": 0
          }
        ]
      }
    ],
    "changed": true,
    "semantic": true
  }
}
